Creating test database for alias 'default'...

................F....F.
======================================================================
FAIL: test_user_filter_by_status_inactive (admin_dashboard.tests.UserManagementTests.test_user_filter_by_status_inactive)
Filter shows only inactive users.
----------------------------------------------------------------------
Traceback (most recent call last):
  File "C:\Users\user\Documents\web proj\Testing\admin_dashboard\tests.py", line 393, in test_user_filter_by_status_inactive
    self.assertNotIn('Super Admin', content)
AssertionError: 'Super Admin' unexpectedly found in '<!DOCTYPE html>\n\n<html lang="en">\n<head>\n    <meta charset="UTF-8">\n    <meta name="viewport" content="width=device-width, initial-scale=1.0">\n    <title>User Management | Admin Dashboard</title>\n\n    <link href="https://fonts.googleapis.com/css2?family=Inter:wght@300;400;500;600;700&display=swap" rel="stylesheet">\n\n    <!-- Bootstrap 5 CSS -->\n    <link href="https://cdn.jsdelivr.net/npm/bootstrap@5.3.3/dist/css/bootstrap.min.css" rel="stylesheet" integrity="sha384-QWTKZyjpPEjISv5WaRU9OFeRpok6YctnYmDr5pNlyT2bRjXh0JMhjY6hW+ALEwIH" crossorigin="anonymous">\n\n    <!-- Bootstrap Icons -->\n    <link rel="stylesheet" href="https://cdn.jsdelivr.net/npm/bootstrap-icons@1.11.3/font/bootstrap-icons.min.css">\n\n    <link rel="icon" href="/static/accounts/images/logo.svg" type="image/svg+xml">\n\n    <link rel="stylesheet" href="/static/accounts/css/auth.css">\n\n    <link rel="stylesheet" href="/static/accounts/css/style.css">\n\n    <!-- Scroll Buttons CSS -->\n    <style>\n        .scroll-button {\n            position: fixed;\n            right: 24px;\n            width: 48px;\n            height: 48px;\n            border-radius: 50%;\n            background: linear-gradient(135deg, #1B5E20, #2E7D32);\n            color: white;\n            border: none;\n            display: flex;\n            align-items: center;\n            justify-content: center;\n            box-shadow: 0 4px 12px rgba(0, 0, 0, 0.15);\n            cursor: pointer;\n            opacity: 0;\n            visibility: hidden;\n            transform: scale(0.8);\n            transition: all 0.3s ease;\n            z-index: 1025;\n        }\n\n        .scroll-button.visible {\n            opacity: 1;\n            visibility: visible;\n            transform: scale(1);\n        }\n\n        .scroll-button:hover {\n            background: linear-gradient(135deg, #2E7D32, #4CAF50);\n            box-shadow: 0 6px 16px rgba(0, 0, 0, 0.2);\n            transform: scale(1.05);\n        }\n\n        .scroll-button:active {\n            transform: scale(0.95);\n        }\n\n        .scroll-button i {\n            font-size: 20px;\n        }\n\n        #scrollToTop {\n            bottom: 92px;\n        }\n\n        #scrollToBottom {\n            bottom: 24px;\n        }\n\n        @media (max-width: 768px) {\n            .scroll-button {\n                width: 44px;\n                height: 44px;\n                right: 16px;\n            }\n\n            .scroll-button i {\n                font-size: 18px;\n            }\n\n            #scrollToTop {\n                bottom: 80px;\n            }\n\n            #scrollToBottom {\n                bottom: 20px;\n            }\n        }\n    </style>\n\n    \n<link rel="stylesheet" href="/static/admin_dashboard/css/admin_dashboard.css">\n\n<meta name="csrf-token" content="umLQw5jHt6hY0QXs6XGmrcsZumRTLRPfsjZEheS9FRakOpBiGVoumNALDz7FooMv">\n\n<style>\n  .admin-shop-link {\n    display: inline-flex;\n    align-items: center;\n    gap: 6px;\n    padding: 6px 14px;\n    background: rgba(212, 175, 55, 0.15);\n    border: 1px solid rgba(212, 175, 55, 0.3);\n    border-radius: 8px;\n    color: #D4AF37;\n    text-decoration: none;\n    font-size: 13px;\n    font-weight: 600;\n    transition: all 0.3s ease;\n    white-space: nowrap;\n  }\n  .admin-shop-link:hover {\n    background: rgba(212, 175, 55, 0.25);\n    border-color: #D4AF37;\n    color: #E8C84A;\n    transform: translateY(-1px);\n  }\n  .admin-shop-link i {\n    font-size: 16px;\n  }\n  @media (max-width: 768px) {\n    .admin-shop-label {\n      display: none;\n    }\n    .admin-shop-link {\n      padding: 6px 10px;\n    }\n  }\n</style>\n\n</head>\n<body>\n    \n\n    <!-- Messages / Alerts -->\n    \n\n    <!-- Main Content -->\n    <main class="main-content">\n        \n<div class="admin-layout">\n\n    <!-- Sidebar -->\n    <aside class="admin-sidebar" id="adminSidebar">\n        <div class="admin-sidebar-brand">\n            <img src="/static/accounts/images/logo.svg"\n                 alt="TAMIPEE"\n                 width="36"\n                 height="36"\n                 style="object-fit: contain; flex-shrink: 0;">\n            <div>\n                <span>TAMIPEE</span>\n            </div>\n        </div>\n\n        <nav class="admin-sidebar-nav">\n            <p class="nav-section-title">Main</p>\n            <div class="nav-item">\n                <a href="/admin-dashboard/overview/" class="nav-link ">\n                    <i class="bi bi-speedometer2"></i>\n                    <span>Overview</span>\n                </a>\n            </div>\n            <div class="nav-item">\n                <a href="/admin-dashboard/payments/" class="nav-link ">\n                    <i class="bi bi-credit-card"></i>\n                    <span>Payments</span>\n                </a>\n            </div>\n            <div class="nav-item">\n                <a href="/admin-dashboard/notifications/" class="nav-link ">\n                    <i class="bi bi-bell"></i>\n                    <span>Notifications</span>\n                </a>\n            </div>\n\n            <p class="nav-section-title">Management</p>\n            <div class="nav-item">\n                <a href="/admin-dashboard/content/" class="nav-link ">\n                    <i class="bi bi-window-stack"></i>\n                    <span>Website Content</span>\n                </a>\n            </div>\n            <div class="nav-item">\n                <a href="/admin-dashboard/users/" class="nav-link active">\n                    <i class="bi bi-people"></i>\n                    <span>User Management</span>\n                </a>\n            </div>\n            <div class="nav-item">\n                <a href="/admin-dashboard/orders/" class="nav-link ">\n                    <i class="bi bi-truck"></i>\n                    <span>Orders & Delivery</span>\n                </a>\n            </div>\n            <div class="nav-item">\n                <a href="/admin-dashboard/inventory/" class="nav-link ">\n                    <i class="bi bi-box-seam"></i>\n                    <span>Products / Inventory</span>\n                </a>\n            </div>\n            <div class="nav-item">\n                <a href="/admin-dashboard/farm-management/" class="nav-link ">\n                    <i class="bi bi-basket"></i>\n                    <span>Farm Management</span>\n                </a>\n            </div>\n\n            <p class="nav-section-title">Insights</p>\n            <div class="nav-item">\n                <a href="/admin-dashboard/reports/" class="nav-link ">\n                    <i class="bi bi-bar-chart-line"></i>\n                    <span>Reports</span>\n                </a>\n            </div>\n        </nav>\n\n    </aside>\n\n    <!-- Main Panel -->\n    <div class="admin-main">\n\n        <!-- Top Bar -->\n        <header class="admin-topbar">\n            <!-- Left -->\n            <div class="admin-topbar-left">\n                <nav class="admin-topbar-breadcrumb" aria-label="breadcrumb">\n                    <a href="/admin-dashboard/overview/" class="breadcrumb-link">\n                        <i class="bi bi-house"></i>\n                    </a>\n                    <span class="separator">/</span>\n                    <span><strong>User Management</strong></span>\n                </nav>\n            </div>\n\n            <!-- Right -->\n            <div class="admin-topbar-right">\n                <!-- Back to Overview Button -->\n                <a href="/admin-dashboard/overview/" class="admin-back-link" title="Back to Overview">\n                    <i class="bi bi-house"></i>\n                    <span class="back-label">Overview</span>\n                </a>\n\n                <!-- View Shop Button -->\n                <a href="/shop/" class="admin-shop-link" target="_blank" title="View Shop">\n                    <i class="bi bi-shop"></i>\n                    <span class="admin-shop-label">View Shop</span>\n                </a>\n\n                <!-- Notifications -->\n                <a href="/admin-dashboard/notifications/" class="admin-notification-bell" title="Notifications">\n                    <i class="bi bi-bell"></i>\n                    \n                    <span class="admin-notification-badge">4</span>\n                    \n                </a>\n\n                <!-- Dashboard Link -->\n                <a href="/accounts/dashboard/" class="admin-dashboard-link" title="User Dashboard">\n                    <i class="bi bi-speedometer2"></i>\n                    <span class="admin-dashboard-link-label">Dashboard</span>\n                </a>\n\n                <!-- User Info Dropdown -->\n                \n                <li class="nav-item dropdown" style="list-style: none;">\n                    <a class="nav-link dropdown-toggle d-flex align-items-center"\n                       href="#" id="adminUserDropdown" role="button"\n                       data-bs-toggle="dropdown" aria-expanded="false"\n                       style="color: rgba(255,255,255,0.85); text-decoration: none; padding: 4px 12px;">\n                        <div class="rounded-circle d-flex align-items-center justify-content-center"\n                             style="width: 34px; height: 34px; background: linear-gradient(135deg, #D4AF37 0%, #C5A028 100%); color: #1B5E20; font-weight: 700; font-size: 14px; flex-shrink: 0; margin-right: 8px;">\n                            S\n                        </div>\n                        <span class="d-none d-md-inline" style="font-size: 13px; line-height: 1.3;">\n                            Super Admin<br>\n                            <small style="font-size: 11px; opacity: 0.7;">Super Admin</small>\n                        </span>\n                        <i class="bi bi-chevron-down" style="font-size: 10px; margin-left: 4px; opacity: 0.6;"></i>\n                    </a>\n                    <ul class="dropdown-menu dropdown-menu-end" style="border-radius: 12px; box-shadow: 0 10px 40px rgba(0,0,0,0.15); min-width: 200px; margin-top: 8px;">\n                        <li>\n                            <a class="dropdown-item" href="/accounts/profile/"\n                               style="border-radius: 8px; padding: 10px 16px;">\n                                <i class="bi bi-person" style="width: 20px; color: #6B7A6B;"></i> Profile\n                            </a>\n                        </li>\n                        <li>\n                            <a class="dropdown-item" href="/accounts/password-change/"\n                               style="border-radius: 8px; padding: 10px 16px;">\n                                <i class="bi bi-key" style="width: 20px; color: #6B7A6B;"></i> Change Password\n                            </a>\n                        </li>\n                        <li><hr class="dropdown-divider" style="margin: 6px 0;"></li>\n                        <li>\n                            <form method="post" action="/accounts/logout/" style="margin: 0;">\n                                <input type="hidden" name="csrfmiddlewaretoken" value="umLQw5jHt6hY0QXs6XGmrcsZumRTLRPfsjZEheS9FRakOpBiGVoumNALDz7FooMv">\n                                <button type="submit" class="dropdown-item text-danger"\n                                        style="border-radius: 8px; padding: 10px 16px; width: 100%; border: none; background: none; font-weight: 500;">\n                                    <i class="bi bi-box-arrow-right" style="width: 20px;"></i> Logout\n                                </button>\n                            </form>\n                        </li>\n                    </ul>\n                </li>\n                \n            </div>\n        </header>\n\n        <!-- Floating Back Button (visible on mobile) -->\n        <button class="admin-back-float" onclick="history.back()" title="Go Back">\n            <i class="bi bi-house"></i>\n        </button>\n\n        <!-- Page Content -->\n        <main class="admin-content">\n            \n<div class="user-management-header">\n    <div class="d-flex justify-content-between align-items-center mb-4">\n        <div>\n            <h2><i class="bi bi-people"></i> User Management</h2>\n            <p class="text-muted mb-0">Manage user accounts, roles, and permissions</p>\n        </div>\n        <div class="stats-pills">\n            <span class="badge bg-success">3 Active</span>\n            <span class="badge bg-secondary">1 Inactive</span>\n            <span class="badge bg-primary">4 Total</span>\n        </div>\n    </div>\n</div>\n\n<!-- Search and Filter Controls -->\n<div class="card mb-4">\n    <div class="card-body">\n        <form method="get" class="row g-3">\n            <div class="col-md-4">\n                <label for="search" class="form-label">Search</label>\n                <input type="text" class="form-control" id="search" name="search" \n                       placeholder="Search by name, email, or username" value="">\n            </div>\n            <div class="col-md-3">\n                <label for="role" class="form-label">Role</label>\n                <select class="form-select" id="role" name="role">\n                    <option value="">All Roles</option>\n                    \n                    <option value="SUPER_ADMIN" >Super Admin</option>\n                    \n                    <option value="FARM_MANAGER" >Farm Manager</option>\n                    \n                    <option value="STAFF" >Staff</option>\n                    \n                    <option value="CUSTOMER" >Customer</option>\n                    \n                </select>\n            </div>\n            <div class="col-md-3">\n                <label for="status" class="form-label">Status</label>\n                <select class="form-select" id="status" name="status">\n                    <option value="">All Status</option>\n                    <option value="active" >Active</option>\n                    <option value="inactive" selected>Inactive</option>\n                </select>\n            </div>\n            <div class="col-md-2 d-flex align-items-end">\n                <button type="submit" class="btn btn-primary me-2"><i class="bi bi-search"></i> Search</button>\n                <a href="/admin-dashboard/users/" class="btn btn-outline-secondary"><i class="bi bi-x-circle"></i></a>\n            </div>\n        </form>\n    </div>\n</div>\n\n<!-- Users Table -->\n<div class="card">\n    <div class="card-body">\n        \n        <div class="table-responsive">\n            <table class="table table-hover">\n                <thead>\n                    <tr>\n                        <th>Name</th>\n                        <th>Email</th>\n                        <th>Role</th>\n                        <th>Status</th>\n                        <th>Orders</th>\n                        <th>Total Spent</th>\n                        <th>Date Joined</th>\n                        <th>Actions</th>\n                    </tr>\n                </thead>\n                <tbody>\n                    \n                    <tr class="table-secondary">\n                        <td>\n                            <div class="d-flex align-items-center">\n                                \n                                <div class="rounded-circle bg-primary text-white d-flex align-items-center justify-content-center me-2"\n                                     style="width: 32px; height: 32px; font-size: 14px;">\n                                    I\n                                </div>\n                                \n                                <strong>Inactive User</strong>\n                            </div>\n                        </td>\n                        <td>inactive@test.com</td>\n                        <td>\n                            \n                            <span class="badge bg-secondary">Customer</span>\n                            \n                        </td>\n                        <td>\n                            \n                            <span class="badge bg-secondary"><i class="bi bi-x-circle"></i> Inactive</span>\n                            \n                        </td>\n                        <td>0</td>\n                        <td>\u20a60.00</td>\n                        <td>Jul 26, 2026</td>\n                        <td>\n                            <div class="btn-group" role="group">\n                                <a href="/admin-dashboard/users/4/" \n                                   class="btn btn-sm btn-outline-primary" title="View Details">\n                                    <i class="bi bi-eye"></i>\n                                </a>\n                                <a href="/admin-dashboard/users/4/edit/" \n                                   class="btn btn-sm btn-outline-secondary" title="Edit">\n                                    <i class="bi bi-pencil"></i>\n                                </a>\n                                <button type="button" \n                                        class="btn btn-sm btn-outline-success toggle-active-btn"\n                                        data-user-id="4"\n                                        data-user-name="Inactive User"\n                                        data-is-active="false"\n                                        title="Activate">\n                                    <i class="bi bi-play-circle"></i>\n                                </button>\n                                \n                                <a href="/admin-dashboard/users/4/delete/" \n                                   class="btn btn-sm btn-outline-danger" title="Delete">\n                                    <i class="bi bi-trash"></i>\n                                </a>\n                                \n                            </div>\n                        </td>\n                    </tr>\n                    \n                </tbody>\n            </table>\n        </div>\n\n        <!-- Pagination -->\n        \n        \n    </div>\n</div>\n\n<style>\n.stats-pills .badge {\n    margin-left: 8px;\n    padding: 8px 12px;\n    font-size: 14px;\n}\n</style>\n\n<script>\ndocument.addEventListener(\'DOMContentLoaded\', function() {\n    // Toggle active/inactive status\n    document.querySelectorAll(\'.toggle-active-btn\').forEach(btn => {\n        btn.addEventListener(\'click\', function() {\n            const userId = this.dataset.userId;\n            const userName = this.dataset.userName;\n            const isActive = this.dataset.isActive === \'true\';\n            const action = isActive ? \'deactivate\' : \'activate\';\n            \n            if (!confirm(`Are you sure you want to ${action} ${userName}?`)) {\n                return;\n            }\n            \n            fetch(`/admin-dashboard/users/${userId}/toggle-active/`, {\n                method: \'POST\',\n                headers: {\n                    \'X-CSRFToken\': document.querySelector(\'[name=csrfmiddlewaretoken]\')?.value || \n                                   document.cookie.split(\'; \').find(row => row.startsWith(\'csrftoken=\'))?.split(\'=\')[1],\n                    \'Content-Type\': \'application/json\',\n                },\n            })\n            .then(response => response.json())\n            .then(data => {\n                if (data.success) {\n                    alert(data.message);\n                    location.reload();\n                } else {\n                    alert(\'Error: \' + (data.error || \'Unknown error\'));\n                }\n            })\n            .catch(error => {\n                alert(\'Error: \' + error.message);\n            });\n        });\n    });\n});\n</script>\n\n\n        </main>\n\n    </div>\n</div>\n\n\n    </main>\n\n    <!-- Footer -->\n    <footer>\n        <div class="container text-center">\n            <p class="mb-0">&copy; 2026. All rights reserved.</p>\n        </div>\n    </footer>\n\n    <!-- Scroll Buttons -->\n    <button id="scrollToTop" class="scroll-button" aria-label="Scroll to top">\n        <i class="bi bi-chevron-up"></i>\n    </button>\n    <button id="scrollToBottom" class="scroll-button" aria-label="Scroll to bottom">\n        <i class="bi bi-chevron-down"></i>\n    </button>\n\n    <!-- Bootstrap 5 JS Bundle -->\n    <script src="https://cdn.jsdelivr.net/npm/bootstrap@5.3.3/dist/js/bootstrap.bundle.min.js" integrity="sha384-YvpcrYf0tY3lHB60NNkmXc5s9fDVZLESaAA55NDzOxhy9GkcIdslK1eN7N6jIeHz" crossorigin="anonymous"></script>\n\n    <!-- Scroll Buttons JavaScript -->\n    <script>\n        document.addEventListener(\'DOMContentLoaded\', function() {\n            const scrollToTopBtn = document.getElementById(\'scrollToTop\');\n            const scrollToBottomBtn = document.getElementById(\'scrollToBottom\');\n            \n            function updateButtonVisibility() {\n                const scrollY = window.scrollY;\n                const windowHeight = window.innerHeight;\n                const documentHeight = document.body.scrollHeight;\n                \n                // Check if page is scrollable\n                const isScrollable = documentHeight > windowHeight + 100;\n                \n                if (!isScrollable) {\n                    // Hide buttons on short pages\n                    scrollToTopBtn.classList.remove(\'visible\');\n                    scrollToBottomBtn.classList.remove(\'visible\');\n                    return;\n                }\n                \n                // Show scrollToTop when scrolled down 300px\n                if (scrollY > 300) {\n                    scrollToTopBtn.classList.add(\'visible\');\n                } else {\n                    scrollToTopBtn.classList.remove(\'visible\');\n                }\n                \n                // Show scrollToBottom when not near bottom (>200px from bottom)\n                if (scrollY + windowHeight < documentHeight - 200) {\n                    scrollToBottomBtn.classList.add(\'visible\');\n                } else {\n                    scrollToBottomBtn.classList.remove(\'visible\');\n                }\n            }\n            \n            // Scroll event listener\n            window.addEventListener(\'scroll\', updateButtonVisibility);\n            \n            // Initial check after a short delay to allow content to render\n            setTimeout(updateButtonVisibility, 100);\n            \n            // Also check after images/content loads\n            window.addEventListener(\'load\', updateButtonVisibility);\n            \n            // Click handlers\n            scrollToTopBtn.addEventListener(\'click\', function() {\n                window.scrollTo({ top: 0, behavior: \'smooth\' });\n            });\n            \n            scrollToBottomBtn.addEventListener(\'click\', function() {\n                window.scrollTo({ top: document.body.scrollHeight, behavior: \'smooth\' });\n            });\n            \n            // Re-check on resize and when content might change\n            window.addEventListener(\'resize\', updateButtonVisibility);\n            \n            // Use MutationObserver to detect content changes that affect page height\n            const observer = new MutationObserver(function() {\n                updateButtonVisibility();\n            });\n            \n            observer.observe(document.body, {\n                childList: true,\n                subtree: true,\n                attributes: false\n            });\n        });\n    </script>\n\n    \n</body>\n</html>\n'

======================================================================
FAIL: test_user_search_by_email (admin_dashboard.tests.UserManagementTests.test_user_search_by_email)
Search filters users by email.
----------------------------------------------------------------------
Traceback (most recent call last):
  File "C:\Users\user\Documents\web proj\Testing\admin_dashboard\tests.py", line 369, in test_user_search_by_email
    self.assertNotIn('Super Admin', content)
AssertionError: 'Super Admin' unexpectedly found in '<!DOCTYPE html>\n\n<html lang="en">\n<head>\n    <meta charset="UTF-8">\n    <meta name="viewport" content="width=device-width, initial-scale=1.0">\n    <title>User Management | Admin Dashboard</title>\n\n    <link href="https://fonts.googleapis.com/css2?family=Inter:wght@300;400;500;600;700&display=swap" rel="stylesheet">\n\n    <!-- Bootstrap 5 CSS -->\n    <link href="https://cdn.jsdelivr.net/npm/bootstrap@5.3.3/dist/css/bootstrap.min.css" rel="stylesheet" integrity="sha384-QWTKZyjpPEjISv5WaRU9OFeRpok6YctnYmDr5pNlyT2bRjXh0JMhjY6hW+ALEwIH" crossorigin="anonymous">\n\n    <!-- Bootstrap Icons -->\n    <link rel="stylesheet" href="https://cdn.jsdelivr.net/npm/bootstrap-icons@1.11.3/font/bootstrap-icons.min.css">\n\n    <link rel="icon" href="/static/accounts/images/logo.svg" type="image/svg+xml">\n\n    <link rel="stylesheet" href="/static/accounts/css/auth.css">\n\n    <link rel="stylesheet" href="/static/accounts/css/style.css">\n\n    <!-- Scroll Buttons CSS -->\n    <style>\n        .scroll-button {\n            position: fixed;\n            right: 24px;\n            width: 48px;\n            height: 48px;\n            border-radius: 50%;\n            background: linear-gradient(135deg, #1B5E20, #2E7D32);\n            color: white;\n            border: none;\n            display: flex;\n            align-items: center;\n            justify-content: center;\n            box-shadow: 0 4px 12px rgba(0, 0, 0, 0.15);\n            cursor: pointer;\n            opacity: 0;\n            visibility: hidden;\n            transform: scale(0.8);\n            transition: all 0.3s ease;\n            z-index: 1025;\n        }\n\n        .scroll-button.visible {\n            opacity: 1;\n            visibility: visible;\n            transform: scale(1);\n        }\n\n        .scroll-button:hover {\n            background: linear-gradient(135deg, #2E7D32, #4CAF50);\n            box-shadow: 0 6px 16px rgba(0, 0, 0, 0.2);\n            transform: scale(1.05);\n        }\n\n        .scroll-button:active {\n            transform: scale(0.95);\n        }\n\n        .scroll-button i {\n            font-size: 20px;\n        }\n\n        #scrollToTop {\n            bottom: 92px;\n        }\n\n        #scrollToBottom {\n            bottom: 24px;\n        }\n\n        @media (max-width: 768px) {\n            .scroll-button {\n                width: 44px;\n                height: 44px;\n                right: 16px;\n            }\n\n            .scroll-button i {\n                font-size: 18px;\n            }\n\n            #scrollToTop {\n                bottom: 80px;\n            }\n\n            #scrollToBottom {\n                bottom: 20px;\n            }\n        }\n    </style>\n\n    \n<link rel="stylesheet" href="/static/admin_dashboard/css/admin_dashboard.css">\n\n<meta name="csrf-token" content="gYxpap7u8k8bqjbXjJU9Zc5cVoTVzJSa61xv4Kcm6uAxh7RAcbJhakskcy4LG9ES">\n\n<style>\n  .admin-shop-link {\n    display: inline-flex;\n    align-items: center;\n    gap: 6px;\n    padding: 6px 14px;\n    background: rgba(212, 175, 55, 0.15);\n    border: 1px solid rgba(212, 175, 55, 0.3);\n    border-radius: 8px;\n    color: #D4AF37;\n    text-decoration: none;\n    font-size: 13px;\n    font-weight: 600;\n    transition: all 0.3s ease;\n    white-space: nowrap;\n  }\n  .admin-shop-link:hover {\n    background: rgba(212, 175, 55, 0.25);\n    border-color: #D4AF37;\n    color: #E8C84A;\n    transform: translateY(-1px);\n  }\n  .admin-shop-link i {\n    font-size: 16px;\n  }\n  @media (max-width: 768px) {\n    .admin-shop-label {\n      display: none;\n    }\n    .admin-shop-link {\n      padding: 6px 10px;\n    }\n  }\n</style>\n\n</head>\n<body>\n    \n\n    <!-- Messages / Alerts -->\n    \n\n    <!-- Main Content -->\n    <main class="main-content">\n        \n<div class="admin-layout">\n\n    <!-- Sidebar -->\n    <aside class="admin-sidebar" id="adminSidebar">\n        <div class="admin-sidebar-brand">\n            <img src="/static/accounts/images/logo.svg"\n                 alt="TAMIPEE"\n                 width="36"\n                 height="36"\n                 style="object-fit: contain; flex-shrink: 0;">\n            <div>\n                <span>TAMIPEE</span>\n            </div>\n        </div>\n\n        <nav class="admin-sidebar-nav">\n            <p class="nav-section-title">Main</p>\n            <div class="nav-item">\n                <a href="/admin-dashboard/overview/" class="nav-link ">\n                    <i class="bi bi-speedometer2"></i>\n                    <span>Overview</span>\n                </a>\n            </div>\n            <div class="nav-item">\n                <a href="/admin-dashboard/payments/" class="nav-link ">\n                    <i class="bi bi-credit-card"></i>\n                    <span>Payments</span>\n                </a>\n            </div>\n            <div class="nav-item">\n                <a href="/admin-dashboard/notifications/" class="nav-link ">\n                    <i class="bi bi-bell"></i>\n                    <span>Notifications</span>\n                </a>\n            </div>\n\n            <p class="nav-section-title">Management</p>\n            <div class="nav-item">\n                <a href="/admin-dashboard/content/" class="nav-link ">\n                    <i class="bi bi-window-stack"></i>\n                    <span>Website Content</span>\n                </a>\n            </div>\n            <div class="nav-item">\n                <a href="/admin-dashboard/users/" class="nav-link active">\n                    <i class="bi bi-people"></i>\n                    <span>User Management</span>\n                </a>\n            </div>\n            <div class="nav-item">\n                <a href="/admin-dashboard/orders/" class="nav-link ">\n                    <i class="bi bi-truck"></i>\n                    <span>Orders & Delivery</span>\n                </a>\n            </div>\n            <div class="nav-item">\n                <a href="/admin-dashboard/inventory/" class="nav-link ">\n                    <i class="bi bi-box-seam"></i>\n                    <span>Products / Inventory</span>\n                </a>\n            </div>\n            <div class="nav-item">\n                <a href="/admin-dashboard/farm-management/" class="nav-link ">\n                    <i class="bi bi-basket"></i>\n                    <span>Farm Management</span>\n                </a>\n            </div>\n\n            <p class="nav-section-title">Insights</p>\n            <div class="nav-item">\n                <a href="/admin-dashboard/reports/" class="nav-link ">\n                    <i class="bi bi-bar-chart-line"></i>\n                    <span>Reports</span>\n                </a>\n            </div>\n        </nav>\n\n    </aside>\n\n    <!-- Main Panel -->\n    <div class="admin-main">\n\n        <!-- Top Bar -->\n        <header class="admin-topbar">\n            <!-- Left -->\n            <div class="admin-topbar-left">\n                <nav class="admin-topbar-breadcrumb" aria-label="breadcrumb">\n                    <a href="/admin-dashboard/overview/" class="breadcrumb-link">\n                        <i class="bi bi-house"></i>\n                    </a>\n                    <span class="separator">/</span>\n                    <span><strong>User Management</strong></span>\n                </nav>\n            </div>\n\n            <!-- Right -->\n            <div class="admin-topbar-right">\n                <!-- Back to Overview Button -->\n                <a href="/admin-dashboard/overview/" class="admin-back-link" title="Back to Overview">\n                    <i class="bi bi-house"></i>\n                    <span class="back-label">Overview</span>\n                </a>\n\n                <!-- View Shop Button -->\n                <a href="/shop/" class="admin-shop-link" target="_blank" title="View Shop">\n                    <i class="bi bi-shop"></i>\n                    <span class="admin-shop-label">View Shop</span>\n                </a>\n\n                <!-- Notifications -->\n                <a href="/admin-dashboard/notifications/" class="admin-notification-bell" title="Notifications">\n                    <i class="bi bi-bell"></i>\n                    \n                    <span class="admin-notification-badge">4</span>\n                    \n                </a>\n\n                <!-- Dashboard Link -->\n                <a href="/accounts/dashboard/" class="admin-dashboard-link" title="User Dashboard">\n                    <i class="bi bi-speedometer2"></i>\n                    <span class="admin-dashboard-link-label">Dashboard</span>\n                </a>\n\n                <!-- User Info Dropdown -->\n                \n                <li class="nav-item dropdown" style="list-style: none;">\n                    <a class="nav-link dropdown-toggle d-flex align-items-center"\n                       href="#" id="adminUserDropdown" role="button"\n                       data-bs-toggle="dropdown" aria-expanded="false"\n                       style="color: rgba(255,255,255,0.85); text-decoration: none; padding: 4px 12px;">\n                        <div class="rounded-circle d-flex align-items-center justify-content-center"\n                             style="width: 34px; height: 34px; background: linear-gradient(135deg, #D4AF37 0%, #C5A028 100%); color: #1B5E20; font-weight: 700; font-size: 14px; flex-shrink: 0; margin-right: 8px;">\n                            S\n                        </div>\n                        <span class="d-none d-md-inline" style="font-size: 13px; line-height: 1.3;">\n                            Super Admin<br>\n                            <small style="font-size: 11px; opacity: 0.7;">Super Admin</small>\n                        </span>\n                        <i class="bi bi-chevron-down" style="font-size: 10px; margin-left: 4px; opacity: 0.6;"></i>\n                    </a>\n                    <ul class="dropdown-menu dropdown-menu-end" style="border-radius: 12px; box-shadow: 0 10px 40px rgba(0,0,0,0.15); min-width: 200px; margin-top: 8px;">\n                        <li>\n                            <a class="dropdown-item" href="/accounts/profile/"\n                               style="border-radius: 8px; padding: 10px 16px;">\n                                <i class="bi bi-person" style="width: 20px; color: #6B7A6B;"></i> Profile\n                            </a>\n                        </li>\n                        <li>\n                            <a class="dropdown-item" href="/accounts/password-change/"\n                               style="border-radius: 8px; padding: 10px 16px;">\n                                <i class="bi bi-key" style="width: 20px; color: #6B7A6B;"></i> Change Password\n                            </a>\n                        </li>\n                        <li><hr class="dropdown-divider" style="margin: 6px 0;"></li>\n                        <li>\n                            <form method="post" action="/accounts/logout/" style="margin: 0;">\n                                <input type="hidden" name="csrfmiddlewaretoken" value="gYxpap7u8k8bqjbXjJU9Zc5cVoTVzJSa61xv4Kcm6uAxh7RAcbJhakskcy4LG9ES">\n                                <button type="submit" class="dropdown-item text-danger"\n                                        style="border-radius: 8px; padding: 10px 16px; width: 100%; border: none; background: none; font-weight: 500;">\n                                    <i class="bi bi-box-arrow-right" style="width: 20px;"></i> Logout\n                                </button>\n                            </form>\n                        </li>\n                    </ul>\n                </li>\n                \n            </div>\n        </header>\n\n        <!-- Floating Back Button (visible on mobile) -->\n        <button class="admin-back-float" onclick="history.back()" title="Go Back">\n            <i class="bi bi-house"></i>\n        </button>\n\n        <!-- Page Content -->\n        <main class="admin-content">\n            \n<div class="user-management-header">\n    <div class="d-flex justify-content-between align-items-center mb-4">\n        <div>\n            <h2><i class="bi bi-people"></i> User Management</h2>\n            <p class="text-muted mb-0">Manage user accounts, roles, and permissions</p>\n        </div>\n        <div class="stats-pills">\n            <span class="badge bg-success">3 Active</span>\n            <span class="badge bg-secondary">1 Inactive</span>\n            <span class="badge bg-primary">4 Total</span>\n        </div>\n    </div>\n</div>\n\n<!-- Search and Filter Controls -->\n<div class="card mb-4">\n    <div class="card-body">\n        <form method="get" class="row g-3">\n            <div class="col-md-4">\n                <label for="search" class="form-label">Search</label>\n                <input type="text" class="form-control" id="search" name="search" \n                       placeholder="Search by name, email, or username" value="customer@">\n            </div>\n            <div class="col-md-3">\n                <label for="role" class="form-label">Role</label>\n                <select class="form-select" id="role" name="role">\n                    <option value="">All Roles</option>\n                    \n                    <option value="SUPER_ADMIN" >Super Admin</option>\n                    \n                    <option value="FARM_MANAGER" >Farm Manager</option>\n                    \n                    <option value="STAFF" >Staff</option>\n                    \n                    <option value="CUSTOMER" >Customer</option>\n                    \n                </select>\n            </div>\n            <div class="col-md-3">\n                <label for="status" class="form-label">Status</label>\n                <select class="form-select" id="status" name="status">\n                    <option value="">All Status</option>\n                    <option value="active" >Active</option>\n                    <option value="inactive" >Inactive</option>\n                </select>\n            </div>\n            <div class="col-md-2 d-flex align-items-end">\n                <button type="submit" class="btn btn-primary me-2"><i class="bi bi-search"></i> Search</button>\n                <a href="/admin-dashboard/users/" class="btn btn-outline-secondary"><i class="bi bi-x-circle"></i></a>\n            </div>\n        </form>\n    </div>\n</div>\n\n<!-- Users Table -->\n<div class="card">\n    <div class="card-body">\n        \n        <div class="table-responsive">\n            <table class="table table-hover">\n                <thead>\n                    <tr>\n                        <th>Name</th>\n                        <th>Email</th>\n                        <th>Role</th>\n                        <th>Status</th>\n                        <th>Orders</th>\n                        <th>Total Spent</th>\n                        <th>Date Joined</th>\n                        <th>Actions</th>\n                    </tr>\n                </thead>\n                <tbody>\n                    \n                    <tr class="">\n                        <td>\n                            <div class="d-flex align-items-center">\n                                \n                                <div class="rounded-circle bg-primary text-white d-flex align-items-center justify-content-center me-2"\n                                     style="width: 32px; height: 32px; font-size: 14px;">\n                                    T\n                                </div>\n                                \n                                <strong>Test Customer</strong>\n                            </div>\n                        </td>\n                        <td>customer@test.com</td>\n                        <td>\n                            \n                            <span class="badge bg-secondary">Customer</span>\n                            \n                        </td>\n                        <td>\n                            \n                            <span class="badge bg-success"><i class="bi bi-check-circle"></i> Active</span>\n                            \n                        </td>\n                        <td>0</td>\n                        <td>\u20a60.00</td>\n                        <td>Jul 26, 2026</td>\n                        <td>\n                            <div class="btn-group" role="group">\n                                <a href="/admin-dashboard/users/3/" \n                                   class="btn btn-sm btn-outline-primary" title="View Details">\n                                    <i class="bi bi-eye"></i>\n                                </a>\n                                <a href="/admin-dashboard/users/3/edit/" \n                                   class="btn btn-sm btn-outline-secondary" title="Edit">\n                                    <i class="bi bi-pencil"></i>\n                                </a>\n                                <button type="button" \n                                        class="btn btn-sm btn-outline-warning toggle-active-btn"\n                                        data-user-id="3"\n                                        data-user-name="Test Customer"\n                                        data-is-active="true"\n                                        title="Deactivate">\n                                    <i class="bi bi-pause-circle"></i>\n                                </button>\n                                \n                                <a href="/admin-dashboard/users/3/delete/" \n                                   class="btn btn-sm btn-outline-danger" title="Delete">\n                                    <i class="bi bi-trash"></i>\n                                </a>\n                                \n                            </div>\n                        </td>\n                    </tr>\n                    \n                </tbody>\n            </table>\n        </div>\n\n        <!-- Pagination -->\n        \n        \n    </div>\n</div>\n\n<style>\n.stats-pills .badge {\n    margin-left: 8px;\n    padding: 8px 12px;\n    font-size: 14px;\n}\n</style>\n\n<script>\ndocument.addEventListener(\'DOMContentLoaded\', function() {\n    // Toggle active/inactive status\n    document.querySelectorAll(\'.toggle-active-btn\').forEach(btn => {\n        btn.addEventListener(\'click\', function() {\n            const userId = this.dataset.userId;\n            const userName = this.dataset.userName;\n            const isActive = this.dataset.isActive === \'true\';\n            const action = isActive ? \'deactivate\' : \'activate\';\n            \n            if (!confirm(`Are you sure you want to ${action} ${userName}?`)) {\n                return;\n            }\n            \n            fetch(`/admin-dashboard/users/${userId}/toggle-active/`, {\n                method: \'POST\',\n                headers: {\n                    \'X-CSRFToken\': document.querySelector(\'[name=csrfmiddlewaretoken]\')?.value || \n                                   document.cookie.split(\'; \').find(row => row.startsWith(\'csrftoken=\'))?.split(\'=\')[1],\n                    \'Content-Type\': \'application/json\',\n                },\n            })\n            .then(response => response.json())\n            .then(data => {\n                if (data.success) {\n                    alert(data.message);\n                    location.reload();\n                } else {\n                    alert(\'Error: \' + (data.error || \'Unknown error\'));\n                }\n            })\n            .catch(error => {\n                alert(\'Error: \' + error.message);\n            });\n        });\n    });\n});\n</script>\n\n\n        </main>\n\n    </div>\n</div>\n\n\n    </main>\n\n    <!-- Footer -->\n    <footer>\n        <div class="container text-center">\n            <p class="mb-0">&copy; 2026. All rights reserved.</p>\n        </div>\n    </footer>\n\n    <!-- Scroll Buttons -->\n    <button id="scrollToTop" class="scroll-button" aria-label="Scroll to top">\n        <i class="bi bi-chevron-up"></i>\n    </button>\n    <button id="scrollToBottom" class="scroll-button" aria-label="Scroll to bottom">\n        <i class="bi bi-chevron-down"></i>\n    </button>\n\n    <!-- Bootstrap 5 JS Bundle -->\n    <script src="https://cdn.jsdelivr.net/npm/bootstrap@5.3.3/dist/js/bootstrap.bundle.min.js" integrity="sha384-YvpcrYf0tY3lHB60NNkmXc5s9fDVZLESaAA55NDzOxhy9GkcIdslK1eN7N6jIeHz" crossorigin="anonymous"></script>\n\n    <!-- Scroll Buttons JavaScript -->\n    <script>\n        document.addEventListener(\'DOMContentLoaded\', function() {\n            const scrollToTopBtn = document.getElementById(\'scrollToTop\');\n            const scrollToBottomBtn = document.getElementById(\'scrollToBottom\');\n            \n            function updateButtonVisibility() {\n                const scrollY = window.scrollY;\n                const windowHeight = window.innerHeight;\n                const documentHeight = document.body.scrollHeight;\n                \n                // Check if page is scrollable\n                const isScrollable = documentHeight > windowHeight + 100;\n                \n                if (!isScrollable) {\n                    // Hide buttons on short pages\n                    scrollToTopBtn.classList.remove(\'visible\');\n                    scrollToBottomBtn.classList.remove(\'visible\');\n                    return;\n                }\n                \n                // Show scrollToTop when scrolled down 300px\n                if (scrollY > 300) {\n                    scrollToTopBtn.classList.add(\'visible\');\n                } else {\n                    scrollToTopBtn.classList.remove(\'visible\');\n                }\n                \n                // Show scrollToBottom when not near bottom (>200px from bottom)\n                if (scrollY + windowHeight < documentHeight - 200) {\n                    scrollToBottomBtn.classList.add(\'visible\');\n                } else {\n                    scrollToBottomBtn.classList.remove(\'visible\');\n                }\n            }\n            \n            // Scroll event listener\n            window.addEventListener(\'scroll\', updateButtonVisibility);\n            \n            // Initial check after a short delay to allow content to render\n            setTimeout(updateButtonVisibility, 100);\n            \n            // Also check after images/content loads\n            window.addEventListener(\'load\', updateButtonVisibility);\n            \n            // Click handlers\n            scrollToTopBtn.addEventListener(\'click\', function() {\n                window.scrollTo({ top: 0, behavior: \'smooth\' });\n            });\n            \n            scrollToBottomBtn.addEventListener(\'click\', function() {\n                window.scrollTo({ top: document.body.scrollHeight, behavior: \'smooth\' });\n            });\n            \n            // Re-check on resize and when content might change\n            window.addEventListener(\'resize\', updateButtonVisibility);\n            \n            // Use MutationObserver to detect content changes that affect page height\n            const observer = new MutationObserver(function() {\n                updateButtonVisibility();\n            });\n            \n            observer.observe(document.body, {\n                childList: true,\n                subtree: true,\n                attributes: false\n            });\n        });\n    </script>\n\n    \n</body>\n</html>\n'

----------------------------------------------------------------------
Ran 23 tests in 168.177s

FAILED (failures=2)
Destroying test database for alias 'default'...

Found 23 test(s).
System check identified no issues (0 silenced).
