Creating test database for alias 'default'...

....................................................................................................................................
----------------------------------------------------------------------
Ran 132 tests in 1019.800s

OK
Destroying test database for alias 'default'...

Found 132 test(s).
System check identified no issues (0 silenced).
